// Jest Snapshot v1, https://goo.gl/fbAQLP

exports[`App from cozy-scripts-vanilla should have the correct files outline 1`] = `
Array [
  ".editorconfig",
  "LICENSE",
  "README.md",
  "assets/icon-app.svg",
  "assets/sprites.svg",
  "index.html",
  "manifest.webapp",
  "scripts/init.js",
  "styles/app.css",
  "styles/cozy-ui.min.css",
  "styles/index.css",
  "styles/nav.css",
  "view2.html",
]
`;
